[00:28:02] ============================================================
[00:28:02] VIRACLIP VIDEO PROCESSOR
[00:28:02] ============================================================
[00:28:02] Checking dependencies...
[00:28:06] ✓ yt-dlp: 2026.03.17
[00:28:07] ✓ MoviePy: 2.1.2
[00:28:07] ============================================================
[00:28:07] 
[1/2] Processing: https://youtu.be/DHSigj8uPnE
[00:28:07]   Downloading with yt-dlp...
[00:28:12]   ✓ Downloaded: video_1.mp4 (19.9 MB)
[00:28:12]   Processing with MoviePy...
[00:28:12]   ✗ MoviePy error: No module named 'moviepy.editor'
[00:28:12] 
[2/2] Processing: https://youtu.be/3wgwaxIfUJQ
[00:28:12]   Downloading with yt-dlp...
[00:28:17]   ✓ Downloaded: video_2.mp4 (9.8 MB)
[00:28:17]   Processing with MoviePy...
[00:28:17]   ✗ MoviePy error: No module named 'moviepy.editor'
[00:28:17] 
============================================================
[00:28:17] PROCESSING COMPLETE
[00:28:17] ============================================================
[00:28:17] Videos processed: 2
[00:28:17] Successful: 0/2
[00:28:17] Total clips: 0
[00:28:17] 
Generated files (0):
[00:28:17] 
Output directory: C:\Users\Sebitas\SupoClip-Propio\backend\exports\clips
